---
source: rbx_types/src/terrain/mod.rs
expression: grid
---
AQUAAAAAAAAAAAAAAAABFoD/gP+A/4D/gP+A/4D/gP+A/4D/gP+A/4D/gP+A/4D/gP+A/4D/gP+A/4D/gP+A/4D/gP+A/4D/gP+A/4D/gP+A/4D/gP+A/4D/gP+A/4D/gP+A/4D/gP+A/4D/gP+A/4D/gP+A/4D/gP+A/4D/gP+A/4D/gP+A/4D/gP+A/4D/gP+A/4D/gP+A/4D/gP+A/4D/gP+A/4D/gP+A/4D/gP+A/4D/gP+A/4D/gP+A/4D/gP+A/4D/gP+A/4D/gP+A/4D/gP+A/4D/gP+A/4D/gP+A/4D/gP+A/4D/gP+A/4D/gP+A/4D/gP+A/4D/gP+A/4D/gP+A/4D/gP+A/4D/gP0AAAAAAAAAAAABAAABFoD/gP+A/4D/gP+A/4D/gP+A/4D/gP+A/4D/gP+A/4D/gP+A/4D/gP+A/4D/gP+A/4D/gP+A/4D/gP+A/4D/gP+A/4D/gP+A/4D/gP+A/4D/gP+A/4D/gP+A/4D/gP+A/4D/gP+A/4D/gP+A/4D/gP+A/4D/gP+A/4D/gP+A/4D/gP+A/4D/gP+A/4D/gP+A/4D/gP+A/4D/gP+A/4D/gP+A/4D/gP+A/4D/gP+A/4D/gP+A/4D/gP+A/4D/gP+A/4D/gP+A/4D/gP+A/4D/gP+A/4D/gP+A/4D/gP+A/4D/gP+A/4D/gP+A/4D/gP+A/4D/gP+A/4D/gP+A/4D/gP0=
