---
source: rbx_binary/src/tests/util.rs
expression: text_decoded
---
num_types: 1
num_instances: 3
chunks:
  - Meta:
      entries:
        - - ExplicitAutoJoints
          - "true"
  - Inst:
      type_id: 0
      type_name: UIGridLayout
      object_format: 0
      referents:
        - 0
        - 1
        - 2
  - Prop:
      type_id: 0
      prop_name: AttributesSerialize
      prop_type: String
      values:
        - ""
        - ""
        - ""
  - Prop:
      type_id: 0
      prop_name: CellPadding
      prop_type: UDim2
      values:
        - - - 0.0
            - 0
          - - -0.10000000149011612
            - 100
        - - - 0.4000000059604645
            - -500
          - - -0.5
            - 600
        - - - 0.800000011920929
            - -200
          - - -0.8999999761581421
            - 250
  - Prop:
      type_id: 0
      prop_name: CellSize
      prop_type: UDim2
      values:
        - - - 0.20000000298023225
            - -150
          - - -0.30000001192092898
            - 300
        - - - 0.6000000238418579
            - -1200
          - - -0.699999988079071
            - 1000
        - - - 1.0
            - -300
          - - -1.100000023841858
            - 1200
  - Prop:
      type_id: 0
      prop_name: FillDirection
      prop_type: Enum
      remaining: 00 00 00 00 00 00 00 00 00 00 00 00
  - Prop:
      type_id: 0
      prop_name: FillDirectionMaxCells
      prop_type: Int32
      values:
        - 0
        - 0
        - 0
  - Prop:
      type_id: 0
      prop_name: HorizontalAlignment
      prop_type: Enum
      remaining: 00 00 00 00 00 00 00 00 00 01 01 01
  - Prop:
      type_id: 0
      prop_name: Name
      prop_type: String
      values:
        - UIGridLayout
        - UIGridLayout
        - UIGridLayout
  - Prop:
      type_id: 0
      prop_name: SortOrder
      prop_type: Enum
      remaining: 00 00 00 00 00 00 00 00 00 00 00 00
  - Prop:
      type_id: 0
      prop_name: StartCorner
      prop_type: Enum
      remaining: 00 00 00 00 00 00 00 00 00 00 00 00
  - Prop:
      type_id: 0
      prop_name: Tags
      prop_type: String
      values:
        - ""
        - ""
        - ""
  - Prop:
      type_id: 0
      prop_name: VerticalAlignment
      prop_type: Enum
      remaining: 00 00 00 00 00 00 00 00 00 01 01 01
  - Prnt:
      version: 0
      links:
        - - 0
          - -1
        - - 1
          - -1
        - - 2
          - -1
  - End
