---
source: rbx_binary/src/tests/util.rs
expression: decoded_viewed
---
- referent: referent-0
  name: ModuleScript
  class: ModuleScript
  properties:
    Attributes:
      Attributes: {}
    LinkedSource:
      Content: ""
    Source:
      String: "local module = {}\n\nreturn module\n"
    Tags:
      Tags: []
  children: []

