---
source: rbx_binary/src/tests/util.rs
expression: text_roundtrip
---
num_types: 1
num_instances: 1
chunks:
  - Inst:
      type_id: 0
      type_name: ModuleScript
      object_format: 0
      referents:
        - 0
  - Prop:
      type_id: 0
      prop_name: AttributesSerialize
      prop_type: String
      values:
        - ""
  - Prop:
      type_id: 0
      prop_name: LinkedSource
      prop_type: String
      values:
        - ""
  - Prop:
      type_id: 0
      prop_name: Name
      prop_type: String
      values:
        - ModuleScript
  - Prop:
      type_id: 0
      prop_name: Source
      prop_type: String
      values:
        - "local module = {}\n\nreturn module\n"
  - Prop:
      type_id: 0
      prop_name: Tags
      prop_type: String
      values:
        - ""
  - Prnt:
      version: 0
      links:
        - - 0
          - -1
  - End

