---
source: rbx_binary/src/tests/util.rs
assertion_line: 33
expression: decoded_viewed
---
- referent: referent-0
  name: Ref Target
  class: Folder
  properties:
    Attributes:
      Attributes: {}
    Tags:
      Tags: []
  children: []
- referent: referent-1
  name: Value
  class: ObjectValue
  properties:
    Attributes:
      Attributes: {}
    Tags:
      Tags: []
    Value: referent-0
  children: []

