---
source: rbx_binary/src/tests/util.rs
expression: decoded_viewed
---
- referent: referent-0
  name:
    Utf8:
      - Ref Target
  class: Folder
  properties:
    Attributes:
      Attributes: {}
    Tags:
      Tags: []
  children: []
- referent: referent-1
  name:
    Utf8:
      - Value
  class: ObjectValue
  properties:
    Attributes:
      Attributes: {}
    Tags:
      Tags: []
    Value: referent-0
  children: []
