---
source: rbx_binary/src/tests/util.rs
expression: text_roundtrip
---
num_types: 1
num_instances: 3
chunks:
  - Inst:
      type_id: 0
      type_name: Part
      object_format: 0
      referents:
        - 0
        - 1
        - 2
  - Prop:
      type_id: 0
      prop_name: Anchored
      prop_type: Bool
      values:
        - false
        - false
        - false
  - Prop:
      type_id: 0
      prop_name: AttributesSerialize
      prop_type: String
      values:
        - ""
        - ""
        - ""
  - Prop:
      type_id: 0
      prop_name: CanCollide
      prop_type: Bool
      values:
        - true
        - true
        - true
  - Prop:
      type_id: 0
      prop_name: CastShadow
      prop_type: Bool
      values:
        - true
        - true
        - true
  - Prop:
      type_id: 0
      prop_name: CollisionGroupId
      prop_type: Int32
      values:
        - 1
        - 0
        - 2
  - Prop:
      type_id: 0
      prop_name: Locked
      prop_type: Bool
      values:
        - false
        - false
        - false
  - Prop:
      type_id: 0
      prop_name: Massless
      prop_type: Bool
      values:
        - false
        - false
        - false
  - Prop:
      type_id: 0
      prop_name: Name
      prop_type: String
      values:
        - group1
        - group0
        - group2
  - Prop:
      type_id: 0
      prop_name: RootPriority
      prop_type: Int32
      values:
        - 0
        - 0
        - 0
  - Prop:
      type_id: 0
      prop_name: Tags
      prop_type: String
      values:
        - ""
        - ""
        - ""
  - Prnt:
      version: 0
      links:
        - - 0
          - -1
        - - 1
          - -1
        - - 2
          - -1
  - End
