---
source: rbx_binary/src/tests/util.rs
expression: decoded_viewed
---
- referent: referent-0
  name: ""
  class: Handles
  properties:
    AttributesSerialize:
      Type: BinaryString
      Value: ""
    Color3:
      Type: Color3
      Value:
        - 0.05098039656877518
        - 0.4117647409439087
        - 0.6745098233222961
    Faces:
      Type: Faces
      Value: []
    Tags:
      Type: BinaryString
      Value: ""
    Transparency:
      Type: Float32
      Value: 0.0
    Visible:
      Type: Bool
      Value: true
  children: []
- referent: referent-1
  name: Right
  class: Handles
  properties:
    AttributesSerialize:
      Type: BinaryString
      Value: ""
    Color3:
      Type: Color3
      Value:
        - 0.05098039656877518
        - 0.4117647409439087
        - 0.6745098233222961
    Faces:
      Type: Faces
      Value:
        - Right
    Tags:
      Type: BinaryString
      Value: ""
    Transparency:
      Type: Float32
      Value: 0.0
    Visible:
      Type: Bool
      Value: true
  children: []
- referent: referent-2
  name: "Right, Top"
  class: Handles
  properties:
    AttributesSerialize:
      Type: BinaryString
      Value: ""
    Color3:
      Type: Color3
      Value:
        - 0.05098039656877518
        - 0.4117647409439087
        - 0.6745098233222961
    Faces:
      Type: Faces
      Value:
        - Right
        - Top
    Tags:
      Type: BinaryString
      Value: ""
    Transparency:
      Type: Float32
      Value: 0.0
    Visible:
      Type: Bool
      Value: true
  children: []
- referent: referent-3
  name: "Right, Top, Back"
  class: Handles
  properties:
    AttributesSerialize:
      Type: BinaryString
      Value: ""
    Color3:
      Type: Color3
      Value:
        - 0.05098039656877518
        - 0.4117647409439087
        - 0.6745098233222961
    Faces:
      Type: Faces
      Value:
        - Right
        - Top
        - Back
    Tags:
      Type: BinaryString
      Value: ""
    Transparency:
      Type: Float32
      Value: 0.0
    Visible:
      Type: Bool
      Value: true
  children: []
- referent: referent-4
  name: "Right, Top, Back, Left"
  class: Handles
  properties:
    AttributesSerialize:
      Type: BinaryString
      Value: ""
    Color3:
      Type: Color3
      Value:
        - 0.05098039656877518
        - 0.4117647409439087
        - 0.6745098233222961
    Faces:
      Type: Faces
      Value:
        - Right
        - Top
        - Back
        - Left
    Tags:
      Type: BinaryString
      Value: ""
    Transparency:
      Type: Float32
      Value: 0.0
    Visible:
      Type: Bool
      Value: true
  children: []
- referent: referent-5
  name: "Right, Top, Back, Left, Bottom"
  class: Handles
  properties:
    AttributesSerialize:
      Type: BinaryString
      Value: ""
    Color3:
      Type: Color3
      Value:
        - 0.05098039656877518
        - 0.4117647409439087
        - 0.6745098233222961
    Faces:
      Type: Faces
      Value:
        - Right
        - Top
        - Back
        - Left
        - Bottom
    Tags:
      Type: BinaryString
      Value: ""
    Transparency:
      Type: Float32
      Value: 0.0
    Visible:
      Type: Bool
      Value: true
  children: []
- referent: referent-6
  name: "Right, Top, Back, Left, Bottom, Front"
  class: Handles
  properties:
    AttributesSerialize:
      Type: BinaryString
      Value: ""
    Color3:
      Type: Color3
      Value:
        - 0.05098039656877518
        - 0.4117647409439087
        - 0.6745098233222961
    Faces:
      Type: Faces
      Value:
        - Right
        - Top
        - Back
        - Left
        - Bottom
        - Front
    Tags:
      Type: BinaryString
      Value: ""
    Transparency:
      Type: Float32
      Value: 0.0
    Visible:
      Type: Bool
      Value: true
  children: []
- referent: referent-7
  name: "Right, Top, Back, Left, Front"
  class: Handles
  properties:
    AttributesSerialize:
      Type: BinaryString
      Value: ""
    Color3:
      Type: Color3
      Value:
        - 0.05098039656877518
        - 0.4117647409439087
        - 0.6745098233222961
    Faces:
      Type: Faces
      Value:
        - Right
        - Top
        - Back
        - Left
        - Front
    Tags:
      Type: BinaryString
      Value: ""
    Transparency:
      Type: Float32
      Value: 0.0
    Visible:
      Type: Bool
      Value: true
  children: []
- referent: referent-8
  name: "Right, Top, Back, Bottom"
  class: Handles
  properties:
    AttributesSerialize:
      Type: BinaryString
      Value: ""
    Color3:
      Type: Color3
      Value:
        - 0.05098039656877518
        - 0.4117647409439087
        - 0.6745098233222961
    Faces:
      Type: Faces
      Value:
        - Right
        - Top
        - Back
        - Bottom
    Tags:
      Type: BinaryString
      Value: ""
    Transparency:
      Type: Float32
      Value: 0.0
    Visible:
      Type: Bool
      Value: true
  children: []
- referent: referent-9
  name: "Right, Top, Back, Bottom, Front"
  class: Handles
  properties:
    AttributesSerialize:
      Type: BinaryString
      Value: ""
    Color3:
      Type: Color3
      Value:
        - 0.05098039656877518
        - 0.4117647409439087
        - 0.6745098233222961
    Faces:
      Type: Faces
      Value:
        - Right
        - Top
        - Back
        - Bottom
        - Front
    Tags:
      Type: BinaryString
      Value: ""
    Transparency:
      Type: Float32
      Value: 0.0
    Visible:
      Type: Bool
      Value: true
  children: []
- referent: referent-10
  name: "Right, Top, Back, Front"
  class: Handles
  properties:
    AttributesSerialize:
      Type: BinaryString
      Value: ""
    Color3:
      Type: Color3
      Value:
        - 0.05098039656877518
        - 0.4117647409439087
        - 0.6745098233222961
    Faces:
      Type: Faces
      Value:
        - Right
        - Top
        - Back
        - Front
    Tags:
      Type: BinaryString
      Value: ""
    Transparency:
      Type: Float32
      Value: 0.0
    Visible:
      Type: Bool
      Value: true
  children: []
- referent: referent-11
  name: "Right, Top, Left"
  class: Handles
  properties:
    AttributesSerialize:
      Type: BinaryString
      Value: ""
    Color3:
      Type: Color3
      Value:
        - 0.05098039656877518
        - 0.4117647409439087
        - 0.6745098233222961
    Faces:
      Type: Faces
      Value:
        - Right
        - Top
        - Left
    Tags:
      Type: BinaryString
      Value: ""
    Transparency:
      Type: Float32
      Value: 0.0
    Visible:
      Type: Bool
      Value: true
  children: []
- referent: referent-12
  name: "Right, Top, Left, Bottom"
  class: Handles
  properties:
    AttributesSerialize:
      Type: BinaryString
      Value: ""
    Color3:
      Type: Color3
      Value:
        - 0.05098039656877518
        - 0.4117647409439087
        - 0.6745098233222961
    Faces:
      Type: Faces
      Value:
        - Right
        - Top
        - Left
        - Bottom
    Tags:
      Type: BinaryString
      Value: ""
    Transparency:
      Type: Float32
      Value: 0.0
    Visible:
      Type: Bool
      Value: true
  children: []
- referent: referent-13
  name: "Right, Top, Left, Bottom, Front"
  class: Handles
  properties:
    AttributesSerialize:
      Type: BinaryString
      Value: ""
    Color3:
      Type: Color3
      Value:
        - 0.05098039656877518
        - 0.4117647409439087
        - 0.6745098233222961
    Faces:
      Type: Faces
      Value:
        - Right
        - Top
        - Left
        - Bottom
        - Front
    Tags:
      Type: BinaryString
      Value: ""
    Transparency:
      Type: Float32
      Value: 0.0
    Visible:
      Type: Bool
      Value: true
  children: []
- referent: referent-14
  name: "Right, Top, Left, Front"
  class: Handles
  properties:
    AttributesSerialize:
      Type: BinaryString
      Value: ""
    Color3:
      Type: Color3
      Value:
        - 0.05098039656877518
        - 0.4117647409439087
        - 0.6745098233222961
    Faces:
      Type: Faces
      Value:
        - Right
        - Top
        - Left
        - Front
    Tags:
      Type: BinaryString
      Value: ""
    Transparency:
      Type: Float32
      Value: 0.0
    Visible:
      Type: Bool
      Value: true
  children: []
- referent: referent-15
  name: "Right, Top, Bottom"
  class: Handles
  properties:
    AttributesSerialize:
      Type: BinaryString
      Value: ""
    Color3:
      Type: Color3
      Value:
        - 0.05098039656877518
        - 0.4117647409439087
        - 0.6745098233222961
    Faces:
      Type: Faces
      Value:
        - Right
        - Top
        - Bottom
    Tags:
      Type: BinaryString
      Value: ""
    Transparency:
      Type: Float32
      Value: 0.0
    Visible:
      Type: Bool
      Value: true
  children: []
- referent: referent-16
  name: "Right, Top, Bottom, Front"
  class: Handles
  properties:
    AttributesSerialize:
      Type: BinaryString
      Value: ""
    Color3:
      Type: Color3
      Value:
        - 0.05098039656877518
        - 0.4117647409439087
        - 0.6745098233222961
    Faces:
      Type: Faces
      Value:
        - Right
        - Top
        - Bottom
        - Front
    Tags:
      Type: BinaryString
      Value: ""
    Transparency:
      Type: Float32
      Value: 0.0
    Visible:
      Type: Bool
      Value: true
  children: []
- referent: referent-17
  name: "Right, Top, Front"
  class: Handles
  properties:
    AttributesSerialize:
      Type: BinaryString
      Value: ""
    Color3:
      Type: Color3
      Value:
        - 0.05098039656877518
        - 0.4117647409439087
        - 0.6745098233222961
    Faces:
      Type: Faces
      Value:
        - Right
        - Top
        - Front
    Tags:
      Type: BinaryString
      Value: ""
    Transparency:
      Type: Float32
      Value: 0.0
    Visible:
      Type: Bool
      Value: true
  children: []
- referent: referent-18
  name: "Right, Back"
  class: Handles
  properties:
    AttributesSerialize:
      Type: BinaryString
      Value: ""
    Color3:
      Type: Color3
      Value:
        - 0.05098039656877518
        - 0.4117647409439087
        - 0.6745098233222961
    Faces:
      Type: Faces
      Value:
        - Right
        - Back
    Tags:
      Type: BinaryString
      Value: ""
    Transparency:
      Type: Float32
      Value: 0.0
    Visible:
      Type: Bool
      Value: true
  children: []
- referent: referent-19
  name: "Right, Back, Left"
  class: Handles
  properties:
    AttributesSerialize:
      Type: BinaryString
      Value: ""
    Color3:
      Type: Color3
      Value:
        - 0.05098039656877518
        - 0.4117647409439087
        - 0.6745098233222961
    Faces:
      Type: Faces
      Value:
        - Right
        - Back
        - Left
    Tags:
      Type: BinaryString
      Value: ""
    Transparency:
      Type: Float32
      Value: 0.0
    Visible:
      Type: Bool
      Value: true
  children: []
- referent: referent-20
  name: "Right, Back, Left, Bottom"
  class: Handles
  properties:
    AttributesSerialize:
      Type: BinaryString
      Value: ""
    Color3:
      Type: Color3
      Value:
        - 0.05098039656877518
        - 0.4117647409439087
        - 0.6745098233222961
    Faces:
      Type: Faces
      Value:
        - Right
        - Back
        - Left
        - Bottom
    Tags:
      Type: BinaryString
      Value: ""
    Transparency:
      Type: Float32
      Value: 0.0
    Visible:
      Type: Bool
      Value: true
  children: []
- referent: referent-21
  name: "Right, Back, Left, Bottom, Front"
  class: Handles
  properties:
    AttributesSerialize:
      Type: BinaryString
      Value: ""
    Color3:
      Type: Color3
      Value:
        - 0.05098039656877518
        - 0.4117647409439087
        - 0.6745098233222961
    Faces:
      Type: Faces
      Value:
        - Right
        - Back
        - Left
        - Bottom
        - Front
    Tags:
      Type: BinaryString
      Value: ""
    Transparency:
      Type: Float32
      Value: 0.0
    Visible:
      Type: Bool
      Value: true
  children: []
- referent: referent-22
  name: "Right, Back, Left, Front"
  class: Handles
  properties:
    AttributesSerialize:
      Type: BinaryString
      Value: ""
    Color3:
      Type: Color3
      Value:
        - 0.05098039656877518
        - 0.4117647409439087
        - 0.6745098233222961
    Faces:
      Type: Faces
      Value:
        - Right
        - Back
        - Left
        - Front
    Tags:
      Type: BinaryString
      Value: ""
    Transparency:
      Type: Float32
      Value: 0.0
    Visible:
      Type: Bool
      Value: true
  children: []
- referent: referent-23
  name: "Right, Back, Bottom"
  class: Handles
  properties:
    AttributesSerialize:
      Type: BinaryString
      Value: ""
    Color3:
      Type: Color3
      Value:
        - 0.05098039656877518
        - 0.4117647409439087
        - 0.6745098233222961
    Faces:
      Type: Faces
      Value:
        - Right
        - Back
        - Bottom
    Tags:
      Type: BinaryString
      Value: ""
    Transparency:
      Type: Float32
      Value: 0.0
    Visible:
      Type: Bool
      Value: true
  children: []
- referent: referent-24
  name: "Right, Back, Bottom, Front"
  class: Handles
  properties:
    AttributesSerialize:
      Type: BinaryString
      Value: ""
    Color3:
      Type: Color3
      Value:
        - 0.05098039656877518
        - 0.4117647409439087
        - 0.6745098233222961
    Faces:
      Type: Faces
      Value:
        - Right
        - Back
        - Bottom
        - Front
    Tags:
      Type: BinaryString
      Value: ""
    Transparency:
      Type: Float32
      Value: 0.0
    Visible:
      Type: Bool
      Value: true
  children: []
- referent: referent-25
  name: "Right, Back, Front"
  class: Handles
  properties:
    AttributesSerialize:
      Type: BinaryString
      Value: ""
    Color3:
      Type: Color3
      Value:
        - 0.05098039656877518
        - 0.4117647409439087
        - 0.6745098233222961
    Faces:
      Type: Faces
      Value:
        - Right
        - Back
        - Front
    Tags:
      Type: BinaryString
      Value: ""
    Transparency:
      Type: Float32
      Value: 0.0
    Visible:
      Type: Bool
      Value: true
  children: []
- referent: referent-26
  name: "Right, Left"
  class: Handles
  properties:
    AttributesSerialize:
      Type: BinaryString
      Value: ""
    Color3:
      Type: Color3
      Value:
        - 0.05098039656877518
        - 0.4117647409439087
        - 0.6745098233222961
    Faces:
      Type: Faces
      Value:
        - Right
        - Left
    Tags:
      Type: BinaryString
      Value: ""
    Transparency:
      Type: Float32
      Value: 0.0
    Visible:
      Type: Bool
      Value: true
  children: []
- referent: referent-27
  name: "Right, Left, Bottom"
  class: Handles
  properties:
    AttributesSerialize:
      Type: BinaryString
      Value: ""
    Color3:
      Type: Color3
      Value:
        - 0.05098039656877518
        - 0.4117647409439087
        - 0.6745098233222961
    Faces:
      Type: Faces
      Value:
        - Right
        - Left
        - Bottom
    Tags:
      Type: BinaryString
      Value: ""
    Transparency:
      Type: Float32
      Value: 0.0
    Visible:
      Type: Bool
      Value: true
  children: []
- referent: referent-28
  name: "Right, Left, Bottom, Front"
  class: Handles
  properties:
    AttributesSerialize:
      Type: BinaryString
      Value: ""
    Color3:
      Type: Color3
      Value:
        - 0.05098039656877518
        - 0.4117647409439087
        - 0.6745098233222961
    Faces:
      Type: Faces
      Value:
        - Right
        - Left
        - Bottom
        - Front
    Tags:
      Type: BinaryString
      Value: ""
    Transparency:
      Type: Float32
      Value: 0.0
    Visible:
      Type: Bool
      Value: true
  children: []
- referent: referent-29
  name: "Right, Left, Front"
  class: Handles
  properties:
    AttributesSerialize:
      Type: BinaryString
      Value: ""
    Color3:
      Type: Color3
      Value:
        - 0.05098039656877518
        - 0.4117647409439087
        - 0.6745098233222961
    Faces:
      Type: Faces
      Value:
        - Right
        - Left
        - Front
    Tags:
      Type: BinaryString
      Value: ""
    Transparency:
      Type: Float32
      Value: 0.0
    Visible:
      Type: Bool
      Value: true
  children: []
- referent: referent-30
  name: "Right, Bottom"
  class: Handles
  properties:
    AttributesSerialize:
      Type: BinaryString
      Value: ""
    Color3:
      Type: Color3
      Value:
        - 0.05098039656877518
        - 0.4117647409439087
        - 0.6745098233222961
    Faces:
      Type: Faces
      Value:
        - Right
        - Bottom
    Tags:
      Type: BinaryString
      Value: ""
    Transparency:
      Type: Float32
      Value: 0.0
    Visible:
      Type: Bool
      Value: true
  children: []
- referent: referent-31
  name: "Right, Bottom, Front"
  class: Handles
  properties:
    AttributesSerialize:
      Type: BinaryString
      Value: ""
    Color3:
      Type: Color3
      Value:
        - 0.05098039656877518
        - 0.4117647409439087
        - 0.6745098233222961
    Faces:
      Type: Faces
      Value:
        - Right
        - Bottom
        - Front
    Tags:
      Type: BinaryString
      Value: ""
    Transparency:
      Type: Float32
      Value: 0.0
    Visible:
      Type: Bool
      Value: true
  children: []
- referent: referent-32
  name: "Right, Front"
  class: Handles
  properties:
    AttributesSerialize:
      Type: BinaryString
      Value: ""
    Color3:
      Type: Color3
      Value:
        - 0.05098039656877518
        - 0.4117647409439087
        - 0.6745098233222961
    Faces:
      Type: Faces
      Value:
        - Right
        - Front
    Tags:
      Type: BinaryString
      Value: ""
    Transparency:
      Type: Float32
      Value: 0.0
    Visible:
      Type: Bool
      Value: true
  children: []
- referent: referent-33
  name: Top
  class: Handles
  properties:
    AttributesSerialize:
      Type: BinaryString
      Value: ""
    Color3:
      Type: Color3
      Value:
        - 0.05098039656877518
        - 0.4117647409439087
        - 0.6745098233222961
    Faces:
      Type: Faces
      Value:
        - Top
    Tags:
      Type: BinaryString
      Value: ""
    Transparency:
      Type: Float32
      Value: 0.0
    Visible:
      Type: Bool
      Value: true
  children: []
- referent: referent-34
  name: "Top, Back"
  class: Handles
  properties:
    AttributesSerialize:
      Type: BinaryString
      Value: ""
    Color3:
      Type: Color3
      Value:
        - 0.05098039656877518
        - 0.4117647409439087
        - 0.6745098233222961
    Faces:
      Type: Faces
      Value:
        - Top
        - Back
    Tags:
      Type: BinaryString
      Value: ""
    Transparency:
      Type: Float32
      Value: 0.0
    Visible:
      Type: Bool
      Value: true
  children: []
- referent: referent-35
  name: "Top, Back, Left"
  class: Handles
  properties:
    AttributesSerialize:
      Type: BinaryString
      Value: ""
    Color3:
      Type: Color3
      Value:
        - 0.05098039656877518
        - 0.4117647409439087
        - 0.6745098233222961
    Faces:
      Type: Faces
      Value:
        - Top
        - Back
        - Left
    Tags:
      Type: BinaryString
      Value: ""
    Transparency:
      Type: Float32
      Value: 0.0
    Visible:
      Type: Bool
      Value: true
  children: []
- referent: referent-36
  name: "Top, Back, Left, Bottom"
  class: Handles
  properties:
    AttributesSerialize:
      Type: BinaryString
      Value: ""
    Color3:
      Type: Color3
      Value:
        - 0.05098039656877518
        - 0.4117647409439087
        - 0.6745098233222961
    Faces:
      Type: Faces
      Value:
        - Top
        - Back
        - Left
        - Bottom
    Tags:
      Type: BinaryString
      Value: ""
    Transparency:
      Type: Float32
      Value: 0.0
    Visible:
      Type: Bool
      Value: true
  children: []
- referent: referent-37
  name: "Top, Back, Left, Bottom, Front"
  class: Handles
  properties:
    AttributesSerialize:
      Type: BinaryString
      Value: ""
    Color3:
      Type: Color3
      Value:
        - 0.05098039656877518
        - 0.4117647409439087
        - 0.6745098233222961
    Faces:
      Type: Faces
      Value:
        - Top
        - Back
        - Left
        - Bottom
        - Front
    Tags:
      Type: BinaryString
      Value: ""
    Transparency:
      Type: Float32
      Value: 0.0
    Visible:
      Type: Bool
      Value: true
  children: []
- referent: referent-38
  name: "Top, Back, Left, Front"
  class: Handles
  properties:
    AttributesSerialize:
      Type: BinaryString
      Value: ""
    Color3:
      Type: Color3
      Value:
        - 0.05098039656877518
        - 0.4117647409439087
        - 0.6745098233222961
    Faces:
      Type: Faces
      Value:
        - Top
        - Back
        - Left
        - Front
    Tags:
      Type: BinaryString
      Value: ""
    Transparency:
      Type: Float32
      Value: 0.0
    Visible:
      Type: Bool
      Value: true
  children: []
- referent: referent-39
  name: "Top, Back, Bottom"
  class: Handles
  properties:
    AttributesSerialize:
      Type: BinaryString
      Value: ""
    Color3:
      Type: Color3
      Value:
        - 0.05098039656877518
        - 0.4117647409439087
        - 0.6745098233222961
    Faces:
      Type: Faces
      Value:
        - Top
        - Back
        - Bottom
    Tags:
      Type: BinaryString
      Value: ""
    Transparency:
      Type: Float32
      Value: 0.0
    Visible:
      Type: Bool
      Value: true
  children: []
- referent: referent-40
  name: "Top, Back, Bottom, Front"
  class: Handles
  properties:
    AttributesSerialize:
      Type: BinaryString
      Value: ""
    Color3:
      Type: Color3
      Value:
        - 0.05098039656877518
        - 0.4117647409439087
        - 0.6745098233222961
    Faces:
      Type: Faces
      Value:
        - Top
        - Back
        - Bottom
        - Front
    Tags:
      Type: BinaryString
      Value: ""
    Transparency:
      Type: Float32
      Value: 0.0
    Visible:
      Type: Bool
      Value: true
  children: []
- referent: referent-41
  name: "Top, Back, Front"
  class: Handles
  properties:
    AttributesSerialize:
      Type: BinaryString
      Value: ""
    Color3:
      Type: Color3
      Value:
        - 0.05098039656877518
        - 0.4117647409439087
        - 0.6745098233222961
    Faces:
      Type: Faces
      Value:
        - Top
        - Back
        - Front
    Tags:
      Type: BinaryString
      Value: ""
    Transparency:
      Type: Float32
      Value: 0.0
    Visible:
      Type: Bool
      Value: true
  children: []
- referent: referent-42
  name: "Top, Left"
  class: Handles
  properties:
    AttributesSerialize:
      Type: BinaryString
      Value: ""
    Color3:
      Type: Color3
      Value:
        - 0.05098039656877518
        - 0.4117647409439087
        - 0.6745098233222961
    Faces:
      Type: Faces
      Value:
        - Top
        - Left
    Tags:
      Type: BinaryString
      Value: ""
    Transparency:
      Type: Float32
      Value: 0.0
    Visible:
      Type: Bool
      Value: true
  children: []
- referent: referent-43
  name: "Top, Left, Bottom"
  class: Handles
  properties:
    AttributesSerialize:
      Type: BinaryString
      Value: ""
    Color3:
      Type: Color3
      Value:
        - 0.05098039656877518
        - 0.4117647409439087
        - 0.6745098233222961
    Faces:
      Type: Faces
      Value:
        - Top
        - Left
        - Bottom
    Tags:
      Type: BinaryString
      Value: ""
    Transparency:
      Type: Float32
      Value: 0.0
    Visible:
      Type: Bool
      Value: true
  children: []
- referent: referent-44
  name: "Top, Left, Bottom, Front"
  class: Handles
  properties:
    AttributesSerialize:
      Type: BinaryString
      Value: ""
    Color3:
      Type: Color3
      Value:
        - 0.05098039656877518
        - 0.4117647409439087
        - 0.6745098233222961
    Faces:
      Type: Faces
      Value:
        - Top
        - Left
        - Bottom
        - Front
    Tags:
      Type: BinaryString
      Value: ""
    Transparency:
      Type: Float32
      Value: 0.0
    Visible:
      Type: Bool
      Value: true
  children: []
- referent: referent-45
  name: "Top, Left, Front"
  class: Handles
  properties:
    AttributesSerialize:
      Type: BinaryString
      Value: ""
    Color3:
      Type: Color3
      Value:
        - 0.05098039656877518
        - 0.4117647409439087
        - 0.6745098233222961
    Faces:
      Type: Faces
      Value:
        - Top
        - Left
        - Front
    Tags:
      Type: BinaryString
      Value: ""
    Transparency:
      Type: Float32
      Value: 0.0
    Visible:
      Type: Bool
      Value: true
  children: []
- referent: referent-46
  name: "Top, Bottom"
  class: Handles
  properties:
    AttributesSerialize:
      Type: BinaryString
      Value: ""
    Color3:
      Type: Color3
      Value:
        - 0.05098039656877518
        - 0.4117647409439087
        - 0.6745098233222961
    Faces:
      Type: Faces
      Value:
        - Top
        - Bottom
    Tags:
      Type: BinaryString
      Value: ""
    Transparency:
      Type: Float32
      Value: 0.0
    Visible:
      Type: Bool
      Value: true
  children: []
- referent: referent-47
  name: "Top, Bottom, Front"
  class: Handles
  properties:
    AttributesSerialize:
      Type: BinaryString
      Value: ""
    Color3:
      Type: Color3
      Value:
        - 0.05098039656877518
        - 0.4117647409439087
        - 0.6745098233222961
    Faces:
      Type: Faces
      Value:
        - Top
        - Bottom
        - Front
    Tags:
      Type: BinaryString
      Value: ""
    Transparency:
      Type: Float32
      Value: 0.0
    Visible:
      Type: Bool
      Value: true
  children: []
- referent: referent-48
  name: "Top, Front"
  class: Handles
  properties:
    AttributesSerialize:
      Type: BinaryString
      Value: ""
    Color3:
      Type: Color3
      Value:
        - 0.05098039656877518
        - 0.4117647409439087
        - 0.6745098233222961
    Faces:
      Type: Faces
      Value:
        - Top
        - Front
    Tags:
      Type: BinaryString
      Value: ""
    Transparency:
      Type: Float32
      Value: 0.0
    Visible:
      Type: Bool
      Value: true
  children: []
- referent: referent-49
  name: Back
  class: Handles
  properties:
    AttributesSerialize:
      Type: BinaryString
      Value: ""
    Color3:
      Type: Color3
      Value:
        - 0.05098039656877518
        - 0.4117647409439087
        - 0.6745098233222961
    Faces:
      Type: Faces
      Value:
        - Back
    Tags:
      Type: BinaryString
      Value: ""
    Transparency:
      Type: Float32
      Value: 0.0
    Visible:
      Type: Bool
      Value: true
  children: []
- referent: referent-50
  name: "Back, Left"
  class: Handles
  properties:
    AttributesSerialize:
      Type: BinaryString
      Value: ""
    Color3:
      Type: Color3
      Value:
        - 0.05098039656877518
        - 0.4117647409439087
        - 0.6745098233222961
    Faces:
      Type: Faces
      Value:
        - Back
        - Left
    Tags:
      Type: BinaryString
      Value: ""
    Transparency:
      Type: Float32
      Value: 0.0
    Visible:
      Type: Bool
      Value: true
  children: []
- referent: referent-51
  name: "Back, Left, Bottom"
  class: Handles
  properties:
    AttributesSerialize:
      Type: BinaryString
      Value: ""
    Color3:
      Type: Color3
      Value:
        - 0.05098039656877518
        - 0.4117647409439087
        - 0.6745098233222961
    Faces:
      Type: Faces
      Value:
        - Back
        - Left
        - Bottom
    Tags:
      Type: BinaryString
      Value: ""
    Transparency:
      Type: Float32
      Value: 0.0
    Visible:
      Type: Bool
      Value: true
  children: []
- referent: referent-52
  name: "Back, Left, Bottom, Front"
  class: Handles
  properties:
    AttributesSerialize:
      Type: BinaryString
      Value: ""
    Color3:
      Type: Color3
      Value:
        - 0.05098039656877518
        - 0.4117647409439087
        - 0.6745098233222961
    Faces:
      Type: Faces
      Value:
        - Back
        - Left
        - Bottom
        - Front
    Tags:
      Type: BinaryString
      Value: ""
    Transparency:
      Type: Float32
      Value: 0.0
    Visible:
      Type: Bool
      Value: true
  children: []
- referent: referent-53
  name: "Back, Left, Front"
  class: Handles
  properties:
    AttributesSerialize:
      Type: BinaryString
      Value: ""
    Color3:
      Type: Color3
      Value:
        - 0.05098039656877518
        - 0.4117647409439087
        - 0.6745098233222961
    Faces:
      Type: Faces
      Value:
        - Back
        - Left
        - Front
    Tags:
      Type: BinaryString
      Value: ""
    Transparency:
      Type: Float32
      Value: 0.0
    Visible:
      Type: Bool
      Value: true
  children: []
- referent: referent-54
  name: "Back, Bottom"
  class: Handles
  properties:
    AttributesSerialize:
      Type: BinaryString
      Value: ""
    Color3:
      Type: Color3
      Value:
        - 0.05098039656877518
        - 0.4117647409439087
        - 0.6745098233222961
    Faces:
      Type: Faces
      Value:
        - Back
        - Bottom
    Tags:
      Type: BinaryString
      Value: ""
    Transparency:
      Type: Float32
      Value: 0.0
    Visible:
      Type: Bool
      Value: true
  children: []
- referent: referent-55
  name: "Back, Bottom, Front"
  class: Handles
  properties:
    AttributesSerialize:
      Type: BinaryString
      Value: ""
    Color3:
      Type: Color3
      Value:
        - 0.05098039656877518
        - 0.4117647409439087
        - 0.6745098233222961
    Faces:
      Type: Faces
      Value:
        - Back
        - Bottom
        - Front
    Tags:
      Type: BinaryString
      Value: ""
    Transparency:
      Type: Float32
      Value: 0.0
    Visible:
      Type: Bool
      Value: true
  children: []
- referent: referent-56
  name: "Back, Front"
  class: Handles
  properties:
    AttributesSerialize:
      Type: BinaryString
      Value: ""
    Color3:
      Type: Color3
      Value:
        - 0.05098039656877518
        - 0.4117647409439087
        - 0.6745098233222961
    Faces:
      Type: Faces
      Value:
        - Back
        - Front
    Tags:
      Type: BinaryString
      Value: ""
    Transparency:
      Type: Float32
      Value: 0.0
    Visible:
      Type: Bool
      Value: true
  children: []
- referent: referent-57
  name: Left
  class: Handles
  properties:
    AttributesSerialize:
      Type: BinaryString
      Value: ""
    Color3:
      Type: Color3
      Value:
        - 0.05098039656877518
        - 0.4117647409439087
        - 0.6745098233222961
    Faces:
      Type: Faces
      Value:
        - Left
    Tags:
      Type: BinaryString
      Value: ""
    Transparency:
      Type: Float32
      Value: 0.0
    Visible:
      Type: Bool
      Value: true
  children: []
- referent: referent-58
  name: "Left, Bottom"
  class: Handles
  properties:
    AttributesSerialize:
      Type: BinaryString
      Value: ""
    Color3:
      Type: Color3
      Value:
        - 0.05098039656877518
        - 0.4117647409439087
        - 0.6745098233222961
    Faces:
      Type: Faces
      Value:
        - Left
        - Bottom
    Tags:
      Type: BinaryString
      Value: ""
    Transparency:
      Type: Float32
      Value: 0.0
    Visible:
      Type: Bool
      Value: true
  children: []
- referent: referent-59
  name: "Left, Bottom, Front"
  class: Handles
  properties:
    AttributesSerialize:
      Type: BinaryString
      Value: ""
    Color3:
      Type: Color3
      Value:
        - 0.05098039656877518
        - 0.4117647409439087
        - 0.6745098233222961
    Faces:
      Type: Faces
      Value:
        - Left
        - Bottom
        - Front
    Tags:
      Type: BinaryString
      Value: ""
    Transparency:
      Type: Float32
      Value: 0.0
    Visible:
      Type: Bool
      Value: true
  children: []
- referent: referent-60
  name: "Left, Front"
  class: Handles
  properties:
    AttributesSerialize:
      Type: BinaryString
      Value: ""
    Color3:
      Type: Color3
      Value:
        - 0.05098039656877518
        - 0.4117647409439087
        - 0.6745098233222961
    Faces:
      Type: Faces
      Value:
        - Left
        - Front
    Tags:
      Type: BinaryString
      Value: ""
    Transparency:
      Type: Float32
      Value: 0.0
    Visible:
      Type: Bool
      Value: true
  children: []
- referent: referent-61
  name: Bottom
  class: Handles
  properties:
    AttributesSerialize:
      Type: BinaryString
      Value: ""
    Color3:
      Type: Color3
      Value:
        - 0.05098039656877518
        - 0.4117647409439087
        - 0.6745098233222961
    Faces:
      Type: Faces
      Value:
        - Bottom
    Tags:
      Type: BinaryString
      Value: ""
    Transparency:
      Type: Float32
      Value: 0.0
    Visible:
      Type: Bool
      Value: true
  children: []
- referent: referent-62
  name: "Bottom, Front"
  class: Handles
  properties:
    AttributesSerialize:
      Type: BinaryString
      Value: ""
    Color3:
      Type: Color3
      Value:
        - 0.05098039656877518
        - 0.4117647409439087
        - 0.6745098233222961
    Faces:
      Type: Faces
      Value:
        - Bottom
        - Front
    Tags:
      Type: BinaryString
      Value: ""
    Transparency:
      Type: Float32
      Value: 0.0
    Visible:
      Type: Bool
      Value: true
  children: []
- referent: referent-63
  name: Front
  class: Handles
  properties:
    AttributesSerialize:
      Type: BinaryString
      Value: ""
    Color3:
      Type: Color3
      Value:
        - 0.05098039656877518
        - 0.4117647409439087
        - 0.6745098233222961
    Faces:
      Type: Faces
      Value:
        - Front
    Tags:
      Type: BinaryString
      Value: ""
    Transparency:
      Type: Float32
      Value: 0.0
    Visible:
      Type: Bool
      Value: true
  children: []
