---
source: rbx_binary/src/tests/util.rs
expression: decoded_viewed
---
- referent: referent-0
  name:
    Utf8:
      - "02"
  class: CFrameValue
  properties:
    Attributes:
      Attributes: {}
    SourceAssetId:
      Int64: -1
    Tags:
      Tags: []
    Value:
      CFrame:
        position:
          - 0
          - 0
          - 0
        orientation:
          - - 1
            - 0
            - 0
          - - 0
            - 1
            - 0
          - - 0
            - 0
            - 1
  children: []
- referent: referent-1
  name:
    Utf8:
      - "03"
  class: CFrameValue
  properties:
    Attributes:
      Attributes: {}
    SourceAssetId:
      Int64: -1
    Tags:
      Tags: []
    Value:
      CFrame:
        position:
          - 0
          - 0
          - 0
        orientation:
          - - 1
            - 0
            - 0
          - - 0
            - 0
            - -1
          - - 0
            - 1
            - 0
  children: []
- referent: referent-2
  name:
    Utf8:
      - "05"
  class: CFrameValue
  properties:
    Attributes:
      Attributes: {}
    SourceAssetId:
      Int64: -1
    Tags:
      Tags: []
    Value:
      CFrame:
        position:
          - 0
          - 0
          - 0
        orientation:
          - - 1
            - 0
            - 0
          - - 0
            - -1
            - 0
          - - 0
            - 0
            - -1
  children: []
- referent: referent-3
  name:
    Utf8:
      - "06"
  class: CFrameValue
  properties:
    Attributes:
      Attributes: {}
    SourceAssetId:
      Int64: -1
    Tags:
      Tags: []
    Value:
      CFrame:
        position:
          - 0
          - 0
          - 0
        orientation:
          - - 1
            - 0
            - 0
          - - 0
            - 0
            - 1
          - - 0
            - -1
            - 0
  children: []
- referent: referent-4
  name:
    Utf8:
      - "07"
  class: CFrameValue
  properties:
    Attributes:
      Attributes: {}
    SourceAssetId:
      Int64: -1
    Tags:
      Tags: []
    Value:
      CFrame:
        position:
          - 0
          - 0
          - 0
        orientation:
          - - 0
            - 1
            - 0
          - - 1
            - 0
            - 0
          - - 0
            - 0
            - -1
  children: []
- referent: referent-5
  name:
    Utf8:
      - "09"
  class: CFrameValue
  properties:
    Attributes:
      Attributes: {}
    SourceAssetId:
      Int64: -1
    Tags:
      Tags: []
    Value:
      CFrame:
        position:
          - 0
          - 0
          - 0
        orientation:
          - - 0
            - 0
            - 1
          - - 1
            - 0
            - 0
          - - 0
            - 1
            - 0
  children: []
- referent: referent-6
  name:
    Utf8:
      - 0a
  class: CFrameValue
  properties:
    Attributes:
      Attributes: {}
    SourceAssetId:
      Int64: -1
    Tags:
      Tags: []
    Value:
      CFrame:
        position:
          - 0
          - 0
          - 0
        orientation:
          - - 0
            - -1
            - 0
          - - 1
            - 0
            - 0
          - - 0
            - 0
            - 1
  children: []
- referent: referent-7
  name:
    Utf8:
      - 0c
  class: CFrameValue
  properties:
    Attributes:
      Attributes: {}
    SourceAssetId:
      Int64: -1
    Tags:
      Tags: []
    Value:
      CFrame:
        position:
          - 0
          - 0
          - 0
        orientation:
          - - 0
            - 0
            - -1
          - - 1
            - 0
            - 0
          - - 0
            - -1
            - 0
  children: []
- referent: referent-8
  name:
    Utf8:
      - 0d
  class: CFrameValue
  properties:
    Attributes:
      Attributes: {}
    SourceAssetId:
      Int64: -1
    Tags:
      Tags: []
    Value:
      CFrame:
        position:
          - 0
          - 0
          - 0
        orientation:
          - - 0
            - 1
            - 0
          - - 0
            - 0
            - 1
          - - 1
            - 0
            - 0
  children: []
- referent: referent-9
  name:
    Utf8:
      - 0e
  class: CFrameValue
  properties:
    Attributes:
      Attributes: {}
    SourceAssetId:
      Int64: -1
    Tags:
      Tags: []
    Value:
      CFrame:
        position:
          - 0
          - 0
          - 0
        orientation:
          - - 0
            - 0
            - -1
          - - 0
            - 1
            - 0
          - - 1
            - 0
            - 0
  children: []
- referent: referent-10
  name:
    Utf8:
      - "10"
  class: CFrameValue
  properties:
    Attributes:
      Attributes: {}
    SourceAssetId:
      Int64: -1
    Tags:
      Tags: []
    Value:
      CFrame:
        position:
          - 0
          - 0
          - 0
        orientation:
          - - 0
            - -1
            - 0
          - - 0
            - 0
            - -1
          - - 1
            - 0
            - 0
  children: []
- referent: referent-11
  name:
    Utf8:
      - "11"
  class: CFrameValue
  properties:
    Attributes:
      Attributes: {}
    SourceAssetId:
      Int64: -1
    Tags:
      Tags: []
    Value:
      CFrame:
        position:
          - 0
          - 0
          - 0
        orientation:
          - - 0
            - 0
            - 1
          - - 0
            - -1
            - 0
          - - 1
            - 0
            - 0
  children: []
- referent: referent-12
  name:
    Utf8:
      - "14"
  class: CFrameValue
  properties:
    Attributes:
      Attributes: {}
    SourceAssetId:
      Int64: -1
    Tags:
      Tags: []
    Value:
      CFrame:
        position:
          - 0
          - 0
          - 0
        orientation:
          - - -1
            - 0
            - 0
          - - 0
            - 1
            - 0
          - - 0
            - 0
            - -1
  children: []
- referent: referent-13
  name:
    Utf8:
      - "15"
  class: CFrameValue
  properties:
    Attributes:
      Attributes: {}
    SourceAssetId:
      Int64: -1
    Tags:
      Tags: []
    Value:
      CFrame:
        position:
          - 0
          - 0
          - 0
        orientation:
          - - -1
            - 0
            - 0
          - - 0
            - 0
            - 1
          - - 0
            - 1
            - 0
  children: []
- referent: referent-14
  name:
    Utf8:
      - "17"
  class: CFrameValue
  properties:
    Attributes:
      Attributes: {}
    SourceAssetId:
      Int64: -1
    Tags:
      Tags: []
    Value:
      CFrame:
        position:
          - 0
          - 0
          - 0
        orientation:
          - - -1
            - 0
            - 0
          - - 0
            - -1
            - 0
          - - 0
            - 0
            - 1
  children: []
- referent: referent-15
  name:
    Utf8:
      - "18"
  class: CFrameValue
  properties:
    Attributes:
      Attributes: {}
    SourceAssetId:
      Int64: -1
    Tags:
      Tags: []
    Value:
      CFrame:
        position:
          - 0
          - 0
          - 0
        orientation:
          - - -1
            - 0
            - 0
          - - 0
            - 0
            - -1
          - - 0
            - -1
            - 0
  children: []
- referent: referent-16
  name:
    Utf8:
      - "19"
  class: CFrameValue
  properties:
    Attributes:
      Attributes: {}
    SourceAssetId:
      Int64: -1
    Tags:
      Tags: []
    Value:
      CFrame:
        position:
          - 0
          - 0
          - 0
        orientation:
          - - 0
            - 1
            - 0
          - - -1
            - 0
            - 0
          - - 0
            - 0
            - 1
  children: []
- referent: referent-17
  name:
    Utf8:
      - 1b
  class: CFrameValue
  properties:
    Attributes:
      Attributes: {}
    SourceAssetId:
      Int64: -1
    Tags:
      Tags: []
    Value:
      CFrame:
        position:
          - 0
          - 0
          - 0
        orientation:
          - - 0
            - 0
            - -1
          - - -1
            - 0
            - 0
          - - 0
            - 1
            - 0
  children: []
- referent: referent-18
  name:
    Utf8:
      - 1c
  class: CFrameValue
  properties:
    Attributes:
      Attributes: {}
    SourceAssetId:
      Int64: -1
    Tags:
      Tags: []
    Value:
      CFrame:
        position:
          - 0
          - 0
          - 0
        orientation:
          - - 0
            - -1
            - 0
          - - -1
            - 0
            - 0
          - - 0
            - 0
            - -1
  children: []
- referent: referent-19
  name:
    Utf8:
      - 1e
  class: CFrameValue
  properties:
    Attributes:
      Attributes: {}
    SourceAssetId:
      Int64: -1
    Tags:
      Tags: []
    Value:
      CFrame:
        position:
          - 0
          - 0
          - 0
        orientation:
          - - 0
            - 0
            - 1
          - - -1
            - 0
            - 0
          - - 0
            - -1
            - 0
  children: []
- referent: referent-20
  name:
    Utf8:
      - 1f
  class: CFrameValue
  properties:
    Attributes:
      Attributes: {}
    SourceAssetId:
      Int64: -1
    Tags:
      Tags: []
    Value:
      CFrame:
        position:
          - 0
          - 0
          - 0
        orientation:
          - - 0
            - 1
            - 0
          - - 0
            - 0
            - -1
          - - -1
            - 0
            - 0
  children: []
- referent: referent-21
  name:
    Utf8:
      - "20"
  class: CFrameValue
  properties:
    Attributes:
      Attributes: {}
    SourceAssetId:
      Int64: -1
    Tags:
      Tags: []
    Value:
      CFrame:
        position:
          - 0
          - 0
          - 0
        orientation:
          - - 0
            - 0
            - 1
          - - 0
            - 1
            - 0
          - - -1
            - 0
            - 0
  children: []
- referent: referent-22
  name:
    Utf8:
      - "22"
  class: CFrameValue
  properties:
    Attributes:
      Attributes: {}
    SourceAssetId:
      Int64: -1
    Tags:
      Tags: []
    Value:
      CFrame:
        position:
          - 0
          - 0
          - 0
        orientation:
          - - 0
            - -1
            - 0
          - - 0
            - 0
            - 1
          - - -1
            - 0
            - 0
  children: []
- referent: referent-23
  name:
    Utf8:
      - "23"
  class: CFrameValue
  properties:
    Attributes:
      Attributes: {}
    SourceAssetId:
      Int64: -1
    Tags:
      Tags: []
    Value:
      CFrame:
        position:
          - 0
          - 0
          - 0
        orientation:
          - - 0
            - 0
            - -1
          - - 0
            - -1
            - 0
          - - -1
            - 0
            - 0
  children: []
