---
source: rbx_dom_weak/src/dom.rs
expression: viewer.view_children(&source)
---
- referent: referent-0
  name:
    Utf8:
      - Target
  class: Folder
  properties: {}
  children:
    - referent: referent-1
      name:
        Utf8:
          - Some Child
      class: Part
      properties: {}
      children: []
