---
source: rbx_dom_weak/src/dom.rs
expression: viewer.view(&other_dom)
---
referent: referent-0
name:
  Utf8:
    - DataModel
class: DataModel
properties: {}
children:
  - referent: referent-1
    name:
      Utf8:
        - Child1
    class: Part
    properties:
      RefProp: referent-2
    children: []
  - referent: referent-2
    name:
      Utf8:
        - Child2
    class: Part
    properties:
      RefProp: referent-1
    children: []
