---
source: rbx_xml/src/deserializer/core.rs
expression: "DomViewer::new().view(&dom)"
---
referent: referent-0
name: DataModel
class: DataModel
properties: {}
children:
  - referent: referent-1
    name: "\"Test Name\""
    class: TestClass
    properties:
      RefTest: "null"
      TestAxes1:
        Axes: []
      TestAxes2:
        Axes:
          - Z
      TestAxes3:
        Axes:
          - X
          - Y
          - Z
      TestBool1:
        Bool: true
      TestBool2:
        Bool: false
      TestDouble1:
        Float64: -0.15625
      TestDouble2:
        Float64: inf
      TestDouble3:
        Float64: -inf
      TestDouble4:
        Float64: NaN
      TestFloat1:
        Float32: -0.15625
      TestFloat2:
        Float32: inf
      TestFloat3:
        Float32: -inf
      TestFloat4:
        Float32: NaN
      TestSharedString:
        len: 36
        hash: a8e881ce93449542139935bd0ec3f0a77725c368b5a699b2b87077d9fd842a64
      TestString:
        String: Test Value
      TestVector3:
        Vector3:
          - 1337
          - 123456790
          - -4276993800
    children:
      - referent: referent-2
        name: TestClass2
        class: TestClass2
        properties:
          RefTest: referent-1
          TestCFrame:
            CFrame:
              position:
                - 1
                - 2
                - 3
              orientation:
                - - inf
                  - NaN
                  - -inf
                - - -1
                  - -2
                  - -3
                - - 0.15625
                  - -0.5
                  - 0
          TestColor3:
            Color3:
              - 1
              - 0.7058824
              - 0.078431375
          TestColor3uint8:
            Color3uint8:
              - 163
              - 162
              - 165
          TestFaces1:
            Faces: []
          TestFaces2:
            Faces:
              - Right
              - Top
              - Back
              - Left
              - Bottom
          TestFaces3:
            Faces:
              - Right
              - Top
              - Back
              - Bottom
              - Front
          TestInt1:
            Int32: 10
          TestInt2:
            Int32: -10
          TestInt64_1:
            Int64: 20
          TestInt64_2:
            Int64: -20
          TestProtectedString:
            String: "   Protected String   "
          TestRay:
            Ray:
              origin:
                - 1
                - 2
                - 3
              direction:
                - -4
                - -5
                - -6
          TestSharedString:
            len: 36
            hash: a8e881ce93449542139935bd0ec3f0a77725c368b5a699b2b87077d9fd842a64
        children: []

