---
source: rbx_xml/tests/test-files.rs
expression: viewer.view_children(&dom)

---
- referent: referent-0
  name: BallSocketConstraint
  class: BallSocketConstraint
  properties:
    Attachment0: "null"
    Attachment1: "null"
    AttributesSerialize:
      BinaryString: ""
    Color:
      BrickColor: 1009
    Enabled:
      Bool: true
    LimitsEnabled:
      Bool: false
    Radius:
      Float32: 0.15000000596046449
    Restitution:
      Float32: 0.0
    SourceAssetId:
      Int64: -1
    Tags:
      BinaryString: ""
    TwistLimitsEnabled:
      Bool: false
    TwistLowerAngle:
      Float32: -45.0
    TwistUpperAngle:
      Float32: 45.0
    UpperAngle:
      Float32: 45.0
    Visible:
      Bool: false
  children: []

