---
source: rbx_xml/tests/test-files.rs
assertion_line: 26
expression: viewer.view_children(&dom)
---
- referent: referent-0
  name: Folder
  class: Folder
  properties:
    AttributesSerialize:
      BinaryString: DwAAAAMAAABOYU4GAAAAAAAA+P8IAAAASW5maW5pdHkGAAAAAAAA8H8NAAAAQ29sb3JTZXF1ZW5jZRkDAAAAAAAAAAAAAAAAAIA/AAAAAAAAAAAAAAAAAAAAPwAAAAAAAIA/AAAAAAAAAAAAAIA/AAAAAAAAAAAAAIA/BwAAAFZlY3RvcjMRAACAPwAAAEAAAEBABwAAAFZlY3RvcjIQAAAgQQAASEIOAAAATnVtYmVyU2VxdWVuY2UXAwAAAAAAAAAAAAAAAACAPwAAAAAAAAA/AAAAAAAAAAAAAIA/AACAPwYAAABDb2xvcjMPo6IiPwAAAAAAAIA/CgAAAEJyaWNrQ29sb3IO7AMAAAQAAABSZWN0HAAAgD8AAABAAABAQAAAgEAFAAAAVURpbTIKAAAAPwoAAAAzMzM/HgAAAAQAAABVRGltCQAAAD9kAAAACwAAAE51bWJlclJhbmdlGwAAoEAAACBBBgAAAE51bWJlcgYAAAAAgBzIQAcAAABCb29sZWFuAwEGAAAAU3RyaW5nAg0AAABIZWxsbywgd29ybGQh
    SourceAssetId:
      Int64: -1
    Tags:
      Tags: []
  children: []

