---
source: rbx_xml/src/tests/mod.rs
expression: "DomViewer::new().view_children(&decoded)"
---
- referent: referent-0
  name: Folder
  class: Folder
  properties:
    Attributes:
      Attributes:
        AFontAttribute:
          Font:
            family: "rbxasset://fonts/families/Creepster.json"
            weight: Regular
            style: Normal
            cachedFaceId: ~
    SourceAssetId:
      Int64: -1
    Tags:
      Tags: []
  children: []

