---
source: rbx_xml/src/tests/mod.rs
expression: encoded_text
---
<roblox version="4">
  <Item class="Model" referent="0">
    <Properties>
      <string name="Name">None</string>
      <BinaryString name="AttributesSerialize"></BinaryString>
      <token name="LevelOfDetail">0</token>
      <CoordinateFrame name="ModelMeshCFrame">
        <X>0</X>
        <Y>0</Y>
        <Z>0</Z>
        <R00>1</R00>
        <R01>0</R01>
        <R02>0</R02>
        <R10>0</R10>
        <R11>1</R11>
        <R12>0</R12>
        <R20>0</R20>
        <R21>0</R21>
        <R22>1</R22>
      </CoordinateFrame>
      <SharedString name="ModelMeshData">rxNJufX5oaagQE3qNtzJSQ==</SharedString>
      <Vector3 name="ModelMeshSize">
        <X>0</X>
        <Y>0</Y>
        <Z>0</Z>
      </Vector3>
      <bool name="NeedsPivotMigration">false</bool>
      <Ref name="PrimaryPart">null</Ref>
      <int64 name="SourceAssetId">-1</int64>
      <BinaryString name="Tags"></BinaryString>
      <OptionalCoordinateFrame name="WorldPivotData">
      </OptionalCoordinateFrame>
    </Properties>
  </Item>
  <Item class="Model" referent="1">
    <Properties>
      <string name="Name">Some</string>
      <BinaryString name="AttributesSerialize"></BinaryString>
      <token name="LevelOfDetail">0</token>
      <CoordinateFrame name="ModelMeshCFrame">
        <X>0</X>
        <Y>0</Y>
        <Z>0</Z>
        <R00>1</R00>
        <R01>0</R01>
        <R02>0</R02>
        <R10>0</R10>
        <R11>1</R11>
        <R12>0</R12>
        <R20>0</R20>
        <R21>0</R21>
        <R22>1</R22>
      </CoordinateFrame>
      <SharedString name="ModelMeshData">rxNJufX5oaagQE3qNtzJSQ==</SharedString>
      <Vector3 name="ModelMeshSize">
        <X>0</X>
        <Y>0</Y>
        <Z>0</Z>
      </Vector3>
      <bool name="NeedsPivotMigration">false</bool>
      <Ref name="PrimaryPart">null</Ref>
      <int64 name="SourceAssetId">-1</int64>
      <BinaryString name="Tags"></BinaryString>
      <OptionalCoordinateFrame name="WorldPivotData">
        <CFrame>
          <X>1</X>
          <Y>-1</Y>
          <Z>0.5</Z>
          <R00>0.06294725</R00>
          <R01>0.403198</R01>
          <R02>0.9129453</R02>
          <R10>0.75241846</R10>
          <R11>-0.6201453</R11>
          <R12>0.22200526</R12>
          <R20>0.65567076</R20>
          <R21>0.6729422</R21>
          <R22>-0.34241003</R22>
        </CFrame>
      </OptionalCoordinateFrame>
    </Properties>
  </Item>
  <Item class="Model" referent="2">
    <Properties>
      <string name="Name">SomeInfNaN</string>
      <BinaryString name="AttributesSerialize"></BinaryString>
      <token name="LevelOfDetail">0</token>
      <CoordinateFrame name="ModelMeshCFrame">
        <X>0</X>
        <Y>0</Y>
        <Z>0</Z>
        <R00>1</R00>
        <R01>0</R01>
        <R02>0</R02>
        <R10>0</R10>
        <R11>1</R11>
        <R12>0</R12>
        <R20>0</R20>
        <R21>0</R21>
        <R22>1</R22>
      </CoordinateFrame>
      <SharedString name="ModelMeshData">rxNJufX5oaagQE3qNtzJSQ==</SharedString>
      <Vector3 name="ModelMeshSize">
        <X>0</X>
        <Y>0</Y>
        <Z>0</Z>
      </Vector3>
      <bool name="NeedsPivotMigration">false</bool>
      <Ref name="PrimaryPart">null</Ref>
      <int64 name="SourceAssetId">-1</int64>
      <BinaryString name="Tags"></BinaryString>
      <OptionalCoordinateFrame name="WorldPivotData">
        <CFrame>
          <X>-0.5</X>
          <Y>inf</Y>
          <Z>NaN</Z>
          <R00>1</R00>
          <R01>0</R01>
          <R02>0</R02>
          <R10>0</R10>
          <R11>1</R11>
          <R12>0</R12>
          <R20>0</R20>
          <R21>0</R21>
          <R22>1</R22>
        </CFrame>
      </OptionalCoordinateFrame>
    </Properties>
  </Item>
  <SharedStrings>
    <SharedString md5="rxNJufX5oaagQE3qNtzJSQ=="></SharedString>
  </SharedStrings>
</roblox>
