---
source: rbx_xml/src/tests/mod.rs
expression: encoded_text
---
<roblox version="4">
  <Item class="Folder" referent="0">
    <Properties>
      <string name="Name">Folder</string>
      <BinaryString name="AttributesSerialize">DwAAAAcAAABCb29sZWFuAwEKAAAAQnJpY2tDb2xvcg7sAwAABgAAAENvbG9yMw+joiI/AAAAAAAAgD8NAAAAQ29sb3JTZXF1ZW5jZRkDAAAAAAAAAAAAAAAAAIA/AAAAAAAAAAAAAAAAAAAAPwAAAAAAAIA/AAAAAAAAAAAAAIA/AAAAAAAAAAAAAIA/CAAAAEluZmluaXR5BgAAAAAAAPB/AwAAAE5hTgYAAAAAAAD4/wYAAABOdW1iZXIGAAAAAIAcyEALAAAATnVtYmVyUmFuZ2UbAACgQAAAIEEOAAAATnVtYmVyU2VxdWVuY2UXAwAAAAAAAAAAAAAAAACAPwAAAAAAAAA/AAAAAAAAAAAAAIA/AACAPwQAAABSZWN0HAAAgD8AAABAAABAQAAAgEAGAAAAU3RyaW5nAg0AAABIZWxsbywgd29ybGQhBAAAAFVEaW0JAAAAP2QAAAAFAAAAVURpbTIKAAAAPwoAAAAzMzM/HgAAAAcAAABWZWN0b3IyEAAAIEEAAEhCBwAAAFZlY3RvcjMRAACAPwAAAEAAAEBA</BinaryString>
      <int64 name="SourceAssetId">-1</int64>
      <BinaryString name="Tags"></BinaryString>
    </Properties>
  </Item>
</roblox>
