---
source: rbx_xml/src/tests/mod.rs
expression: "DomViewer::new().view_children(&roundtrip)"
---
- referent: referent-0
  name: Folder
  class: Folder
  properties:
    Attributes:
      Attributes: {}
    SourceAssetId:
      Int64: -1
    Tags:
      Tags:
        - Cool
        - My
        - Tags
  children: []

