---
source: rbx_xml/src/tests/mod.rs
expression: "DomViewer::new().view_children(&roundtrip)"
---
- referent: referent-0
  name: Bloom
  class: BloomEffect
  properties:
    Attributes:
      Attributes: {}
    Enabled:
      Bool: true
    Intensity:
      Float32: 0.45
    Size:
      Float32: 24.7
    Tags:
      Tags: []
    Threshold:
      Float32: 2.285
  children: []

